anapascual@DESKTOP-TT1IABQ MINGW64 ~
$ cd cmepda

anapascual@DESKTOP-TT1IABQ MINGW64 ~/cmepda
$ ls
GB_condiviso/  class/  practice/

anapascual@DESKTOP-TT1IABQ MINGW64 ~/cmepda
$ cd GB_condiviso

anapascual@DESKTOP-TT1IABQ MINGW64 ~/cmepda/GB_condiviso
$ git init
Initialized empty Git repository in C:/Users/anapascual/cmepda/GB_condiviso/.git/

anapascual@DESKTOP-TT1IABQ MINGW64 ~/cmepda/GB_condiviso (main)
$ git status
On branch main

No commits yet

Untracked files:
  (use "git add <file>..." to include in what will be committed)
        basic_GitBash.txt

nothing added to commit but untracked files present (use "git add" to track)

anapascual@DESKTOP-TT1IABQ MINGW64 ~/cmepda/GB_condiviso (main)
$ git add basic_GitBash.txt

anapascual@DESKTOP-TT1IABQ MINGW64 ~/cmepda/GB_condiviso (main)
$ git status
On branch main

No commits yet

Changes to be committed:
  (use "git rm --cached <file>..." to unstage)
        new file:   basic_GitBash.txt


anapascual@DESKTOP-TT1IABQ MINGW64 ~/cmepda/GB_condiviso (main)
$ git remote -v

anapascual@DESKTOP-TT1IABQ MINGW64 ~/cmepda/GB_condiviso (main)
$ git remote add origin https://github.com/apascual303/pratica_GitHub_condiviso_Giovanni

anapascual@DESKTOP-TT1IABQ MINGW64 ~/cmepda/GB_condiviso (main)
$ git remote -v
origin  https://github.com/apascual303/pratica_GitHub_condiviso_Giovanni (fetch)
origin  https://github.com/apascual303/pratica_GitHub_condiviso_Giovanni (push)

anapascual@DESKTOP-TT1IABQ MINGW64 ~/cmepda/GB_condiviso (main)
$ git fetch origin
remote: Enumerating objects: 5, done.
remote: Counting objects: 100% (5/5), done.
remote: Compressing objects: 100% (5/5), done.
remote: Total 5 (delta 0), reused 0 (delta 0), pack-reused 0
Unpacking objects: 100% (5/5), 13.52 KiB | 728.00 KiB/s, done.
From https://github.com/apascual303/pratica_GitHub_condiviso_Giovanni
 * [new branch]      main       -> origin/main

anapascual@DESKTOP-TT1IABQ MINGW64 ~/cmepda/GB_condiviso (main)
$ git status
On branch main

No commits yet

Changes to be committed:
  (use "git rm --cached <file>..." to unstage)
        new file:   basic_GitBash.txt


anapascual@DESKTOP-TT1IABQ MINGW64 ~/cmepda/GB_condiviso (main)
$ git commit basic_GitBash.txt
[main (root-commit) 91cef2f] First commit of basic_GitBash.txt
 1 file changed, 24 insertions(+)
 create mode 100644 basic_GitBash.txt

anapascual@DESKTOP-TT1IABQ MINGW64 ~/cmepda/GB_condiviso (main)
$ git push origin main
To https://github.com/apascual303/pratica_GitHub_condiviso_Giovanni
 ! [rejected]        main -> main (non-fast-forward)
error: failed to push some refs to 'https://github.com/apascual303/pratica_GitHub_condiviso_Giovanni'
hint: Updates were rejected because the tip of your current branch is behind
hint: its remote counterpart. Integrate the remote changes (e.g.
hint: 'git pull ...') before pushing again.
hint: See the 'Note about fast-forwards' in 'git push --help' for details.

anapascual@DESKTOP-TT1IABQ MINGW64 ~/cmepda/GB_condiviso (main)
$ git pull origin main
From https://github.com/apascual303/pratica_GitHub_condiviso_Giovanni
 * branch            main       -> FETCH_HEAD
fatal: refusing to merge unrelated histories

anapascual@DESKTOP-TT1IABQ MINGW64 ~/cmepda/GB_condiviso (main)
$ git fetch origin

anapascual@DESKTOP-TT1IABQ MINGW64 ~/cmepda/GB_condiviso (main)
$ git merge origin main
merge: origin - not something we can merge

anapascual@DESKTOP-TT1IABQ MINGW64 ~/cmepda/GB_condiviso (main)
$ git pull origin main
From https://github.com/apascual303/pratica_GitHub_condiviso_Giovanni
 * branch            main       -> FETCH_HEAD
fatal: refusing to merge unrelated histories

anapascual@DESKTOP-TT1IABQ MINGW64 ~/cmepda/GB_condiviso (main)
$ git push origin main
To https://github.com/apascual303/pratica_GitHub_condiviso_Giovanni
 ! [rejected]        main -> main (non-fast-forward)
error: failed to push some refs to 'https://github.com/apascual303/pratica_GitHub_condiviso_Giovanni'
hint: Updates were rejected because the tip of your current branch is behind
hint: its remote counterpart. Integrate the remote changes (e.g.
hint: 'git pull ...') before pushing again.
hint: See the 'Note about fast-forwards' in 'git push --help' for details.

anapascual@DESKTOP-TT1IABQ MINGW64 ~/cmepda/GB_condiviso (main)
$ git push --help

anapascual@DESKTOP-TT1IABQ MINGW64 ~/cmepda/GB_condiviso (main)
$ git fetch origin-push
fatal: 'origin-push' does not appear to be a git repository
fatal: Could not read from remote repository.

Please make sure you have the correct access rights
and the repository exists.

anapascual@DESKTOP-TT1IABQ MINGW64 ~/cmepda/GB_condiviso (main)
$ git push --force-with-lease origin
fatal: The current branch main has no upstream branch.
To push the current branch and set the remote as upstream, use

    git push --set-upstream origin main

To have this happen automatically for branches without a tracking
upstream, see 'push.autoSetupRemote' in 'git help config'.


anapascual@DESKTOP-TT1IABQ MINGW64 ~/cmepda/GB_condiviso (main)
$ git push -f origin main
Enumerating objects: 3, done.
Counting objects: 100% (3/3), done.
Delta compression using up to 8 threads
Compressing objects: 100% (2/2), done.
Writing objects: 100% (3/3), 654 bytes | 654.00 KiB/s, done.
Total 3 (delta 0), reused 0 (delta 0), pack-reused 0
To https://github.com/apascual303/pratica_GitHub_condiviso_Giovanni
 + 4690adb...91cef2f main -> main (forced update)

anapascual@DESKTOP-TT1IABQ MINGW64 ~/cmepda/GB_condiviso (main)
$ git pull origin main
From https://github.com/apascual303/pratica_GitHub_condiviso_Giovanni
 * branch            main       -> FETCH_HEAD
Already up to date.

anapascual@DESKTOP-TT1IABQ MINGW64 ~/cmepda/GB_condiviso (main)
$ git pull origin main
remote: Enumerating objects: 7, done.
remote: Counting objects: 100% (7/7), done.
remote: Compressing objects: 100% (6/6), done.
remote: Total 6 (delta 0), reused 0 (delta 0), pack-reused 0
Unpacking objects: 100% (6/6), 13.27 KiB | 647.00 KiB/s, done.
From https://github.com/apascual303/pratica_GitHub_condiviso_Giovanni
 * branch            main       -> FETCH_HEAD
   91cef2f..0816d97  main       -> origin/main
Updating 91cef2f..0816d97
Fast-forward
 LICENSE   | 674 ++++++++++++++++++++++++++++++++++++++++++++++++++++++++++++++
 README.md |   2 +
 2 files changed, 676 insertions(+)
 create mode 100644 LICENSE
 create mode 100644 README.md

anapascual@DESKTOP-TT1IABQ MINGW64 ~/cmepda/GB_condiviso (main)
$ git push origin main
To https://github.com/apascual303/pratica_GitHub_condiviso_Giovanni
 ! [rejected]        main -> main (fetch first)
error: failed to push some refs to 'https://github.com/apascual303/pratica_GitHub_condiviso_Giovanni'
hint: Updates were rejected because the remote contains work that you do
hint: not have locally. This is usually caused by another repository pushing
hint: to the same ref. You may want to first integrate the remote changes
hint: (e.g., 'git pull ...') before pushing again.
hint: See the 'Note about fast-forwards' in 'git push --help' for details.

anapascual@DESKTOP-TT1IABQ MINGW64 ~/cmepda/GB_condiviso (main)
$ git pull origin main
remote: Enumerating objects: 5, done.
remote: Counting objects: 100% (5/5), done.
remote: Compressing objects: 100% (3/3), done.
remote: Total 3 (delta 2), reused 0 (delta 0), pack-reused 0
Unpacking objects: 100% (3/3), 1.01 KiB | 103.00 KiB/s, done.
From https://github.com/apascual303/pratica_GitHub_condiviso_Giovanni
 * branch            main       -> FETCH_HEAD
   0816d97..5338966  main       -> origin/main
Updating 0816d97..5338966
Fast-forward
 basic_GitBash.txt | 29 ++++++++++++++++++-----------
 1 file changed, 18 insertions(+), 11 deletions(-)

anapascual@DESKTOP-TT1IABQ MINGW64 ~/cmepda/GB_condiviso (main)
$ git status
On branch main
nothing to commit, working tree clean

anapascual@DESKTOP-TT1IABQ MINGW64 ~/cmepda/GB_condiviso (main)
$ git status
On branch main
nothing to commit, working tree clean

anapascual@DESKTOP-TT1IABQ MINGW64 ~/cmepda/GB_condiviso (main)
$
